Release 14.7 - xst P.20131013 (lin64)
Copyright (c) 1995-2013 Xilinx, Inc.  All rights reserved.
--> 
Parameter TMPDIR set to xst/projnav.tmp


Total REAL time to Xst completion: 0.00 secs
Total CPU time to Xst completion: 0.00 secs
 
--> 
Parameter xsthdpdir set to xst


Total REAL time to Xst completion: 0.00 secs
Total CPU time to Xst completion: 0.00 secs
 
--> 
Reading design: Digital_Logic_Battle_Process.prj

TABLE OF CONTENTS
  1) Synthesis Options Summary
  2) HDL Parsing
  3) HDL Elaboration
  4) HDL Synthesis
       4.1) HDL Synthesis Report
  5) Advanced HDL Synthesis
       5.1) Advanced HDL Synthesis Report
  6) Low Level Synthesis
  7) Partition Report
  8) Design Summary
       8.1) Primitive and Black Box Usage
       8.2) Device utilization summary
       8.3) Partition Resource Summary
       8.4) Timing Report
            8.4.1) Clock Information
            8.4.2) Asynchronous Control Signals Information
            8.4.3) Timing Summary
            8.4.4) Timing Details
            8.4.5) Cross Clock Domains Report


=========================================================================
*                      Synthesis Options Summary                        *
=========================================================================
---- Source Parameters
Input File Name                    : "Digital_Logic_Battle_Process.prj"
Ignore Synthesis Constraint File   : NO

---- Target Parameters
Output File Name                   : "Digital_Logic_Battle_Process"
Output Format                      : NGC
Target Device                      : xc6slx9-3-tqg144

---- Source Options
Top Module Name                    : Digital_Logic_Battle_Process
Automatic FSM Extraction           : YES
FSM Encoding Algorithm             : Auto
Safe Implementation                : No
FSM Style                          : LUT
RAM Extraction                     : Yes
RAM Style                          : Auto
ROM Extraction                     : Yes
Shift Register Extraction          : YES
ROM Style                          : Auto
Resource Sharing                   : YES
Asynchronous To Synchronous        : NO
Shift Register Minimum Size        : 2
Use DSP Block                      : Auto
Automatic Register Balancing       : No

---- Target Options
LUT Combining                      : Auto
Reduce Control Sets                : Auto
Add IO Buffers                     : YES
Global Maximum Fanout              : 100000
Add Generic Clock Buffer(BUFG)     : 16
Register Duplication               : YES
Optimize Instantiated Primitives   : NO
Use Clock Enable                   : Auto
Use Synchronous Set                : Auto
Use Synchronous Reset              : Auto
Pack IO Registers into IOBs        : Auto
Equivalent register Removal        : YES

---- General Options
Optimization Goal                  : Speed
Optimization Effort                : 1
Power Reduction                    : NO
Keep Hierarchy                     : No
Netlist Hierarchy                  : As_Optimized
RTL Output                         : Yes
Global Optimization                : AllClockNets
Read Cores                         : YES
Write Timing Constraints           : NO
Cross Clock Analysis               : NO
Hierarchy Separator                : /
Bus Delimiter                      : <>
Case Specifier                     : Maintain
Slice Utilization Ratio            : 100
BRAM Utilization Ratio             : 100
DSP48 Utilization Ratio            : 100
Auto BRAM Packing                  : NO
Slice Utilization Ratio Delta      : 5

---- Other Options
Cores Search Directories           : {"ipcore_dir"  }

=========================================================================


=========================================================================
*                          HDL Parsing                                  *
=========================================================================
Analyzing Verilog file "/home/ise/Share_With_VM/FPGA2_Process/ipcore_dir/clk_wizard.v" into library work
Parsing module <clk_wizard>.
Analyzing Verilog file "/home/ise/Share_With_VM/FPGA2_Process/Digital_Logic_Battle_Process.vf" into library work
Parsing module <Digital_Logic_Battle_Process>.
Parsing VHDL file "/home/ise/Share_With_VM/FPGA2_Process/VGA_Controller.vhd" into library work
Parsing entity <vga_controller>.
Parsing architecture <Behavioral> of entity <vga_controller>.
Parsing VHDL file "/home/ise/Share_With_VM/FPGA2_Process/delay_3sec.vhd" into library work
Parsing entity <delay_3sec>.
Parsing architecture <Behavioral> of entity <delay_3sec>.
Parsing VHDL file "/home/ise/Share_With_VM/FPGA2_Process/clk20MHz_to_25MHz.vhd" into library work
Parsing entity <clk_20MHz_to_25MHz>.
Parsing architecture <Behavioral> of entity <clk_20mhz_to_25mhz>.
Parsing VHDL file "/home/ise/Share_With_VM/FPGA2_Process/Action_Handler.vhd" into library work
Parsing entity <Game>.
Parsing architecture <Behavioral> of entity <game>.

=========================================================================
*                            HDL Elaboration                            *
=========================================================================

Elaborating module <Digital_Logic_Battle_Process>.
Going to vhdl side to elaborate module delay_3sec

Elaborating entity <delay_3sec> (architecture <Behavioral>) from library <work>.
Back to verilog to continue elaboration
Going to vhdl side to elaborate module Game

Elaborating entity <Game> (architecture <Behavioral>) from library <work>.
Back to verilog to continue elaboration
Going to vhdl side to elaborate module clk_20MHz_to_25MHz

Elaborating entity <clk_20MHz_to_25MHz> (architecture <Behavioral>) from library <work>.
Going to verilog side to elaborate module clk_wizard

Elaborating module <clk_wizard>.

Elaborating module <IBUFG>.

Elaborating module <DCM_SP(CLKDV_DIVIDE=2.0,CLKFX_DIVIDE=4,CLKFX_MULTIPLY=5,CLKIN_DIVIDE_BY_2="FALSE",CLKIN_PERIOD=50.0,CLKOUT_PHASE_SHIFT="NONE",CLK_FEEDBACK="1X",DESKEW_ADJUST="SYSTEM_SYNCHRONOUS",PHASE_SHIFT=0,STARTUP_WAIT="FALSE")>.
WARNING:HDLCompiler:1127 - "/home/ise/Share_With_VM/FPGA2_Process/ipcore_dir/clk_wizard.v" Line 130: Assignment to status_int ignored, since the identifier is never used

Elaborating module <BUFG>.
Back to vhdl to continue elaboration
Back to verilog to continue elaboration
Going to vhdl side to elaborate module vga_controller

Elaborating entity <vga_controller> (architecture <Behavioral>) from library <work>.
Back to verilog to continue elaboration

Elaborating module <BUF>.

=========================================================================
*                           HDL Synthesis                               *
=========================================================================

Synthesizing Unit <Digital_Logic_Battle_Process>.
    Related source file is "/home/ise/Share_With_VM/FPGA2_Process/Digital_Logic_Battle_Process.vf".
    Summary:
	no macro.
Unit <Digital_Logic_Battle_Process> synthesized.

Synthesizing Unit <delay_3sec>.
    Related source file is "/home/ise/Share_With_VM/FPGA2_Process/delay_3sec.vhd".
    Found 1-bit register for signal <delay_flag>.
    Found 27-bit register for signal <counter>.
    Found 27-bit adder for signal <counter[26]_GND_6_o_add_3_OUT> created at line 24.
    Found 27-bit comparator lessequal for signal <counter[26]_PWR_6_o_LessThan_3_o> created at line 23
    Summary:
	inferred   1 Adder/Subtractor(s).
	inferred  28 D-type flip-flop(s).
	inferred   1 Comparator(s).
Unit <delay_3sec> synthesized.

Synthesizing Unit <Game>.
    Related source file is "/home/ise/Share_With_VM/FPGA2_Process/Action_Handler.vhd".
    Found 4-bit register for signal <p2_health>.
    Found 4-bit register for signal <p1_health>.
    Found 2-bit register for signal <game_winner>.
    Found 4-bit register for signal <round_count>.
    Found 6-bit adder for signal <n0118> created at line 99.
    Found 6-bit adder for signal <n0121> created at line 117.
    Found 4-bit adder for signal <round_count[3]_GND_8_o_add_38_OUT> created at line 124.
    Found 6-bit comparator greater for signal <BUS_0001_GND_8_o_LessThan_9_o> created at line 86
    Found 6-bit comparator greater for signal <GND_8_o_BUS_0002_LessThan_11_o> created at line 88
    Found 6-bit comparator greater for signal <BUS_0004_GND_8_o_LessThan_16_o> created at line 94
    Found 6-bit comparator greater for signal <GND_8_o_BUS_0005_LessThan_18_o> created at line 96
    Found 6-bit comparator greater for signal <n0019> created at line 106
    Found 6-bit comparator greater for signal <n0021> created at line 109
    Found 6-bit comparator greater for signal <BUS_0011_BUS_0012_LessThan_33_o> created at line 115
    Found 6-bit comparator greater for signal <BUS_0014_BUS_0013_LessThan_36_o> created at line 117
    Summary:
	inferred   3 Adder/Subtractor(s).
	inferred  14 D-type flip-flop(s).
	inferred   8 Comparator(s).
	inferred  16 Multiplexer(s).
Unit <Game> synthesized.

Synthesizing Unit <clk_20MHz_to_25MHz>.
    Related source file is "/home/ise/Share_With_VM/FPGA2_Process/clk20MHz_to_25MHz.vhd".
INFO:Xst:3210 - "/home/ise/Share_With_VM/FPGA2_Process/clk20MHz_to_25MHz.vhd" line 31: Output port <LOCKED> of the instance <clk_inst> is unconnected or connected to loadless signal.
    Summary:
	no macro.
Unit <clk_20MHz_to_25MHz> synthesized.

Synthesizing Unit <clk_wizard>.
    Related source file is "/home/ise/Share_With_VM/FPGA2_Process/ipcore_dir/clk_wizard.v".
    Summary:
	no macro.
Unit <clk_wizard> synthesized.

Synthesizing Unit <vga_controller>.
    Related source file is "/home/ise/Share_With_VM/FPGA2_Process/VGA_Controller.vhd".
    Found 1-bit register for signal <blink_clk>.
    Found 10-bit register for signal <x>.
    Found 10-bit register for signal <y>.
    Found 1-bit register for signal <hsync>.
    Found 1-bit register for signal <vsync>.
    Found 1-bit register for signal <pixel_color>.
    Found 1-bit register for signal <red>.
    Found 32-bit register for signal <i>.
    Found 11-bit subtractor for signal <GND_17_o_GND_17_o_sub_24_OUT> created at line 865.
    Found 11-bit subtractor for signal <GND_17_o_GND_17_o_sub_33_OUT> created at line 871.
    Found 11-bit subtractor for signal <GND_17_o_GND_17_o_sub_37_OUT> created at line 871.
    Found 11-bit subtractor for signal <GND_17_o_GND_17_o_sub_45_OUT> created at line 877.
    Found 11-bit subtractor for signal <GND_17_o_GND_17_o_sub_48_OUT> created at line 877.
    Found 11-bit subtractor for signal <GND_17_o_GND_17_o_sub_167_OUT> created at line 930.
    Found 11-bit subtractor for signal <GND_17_o_GND_17_o_sub_189_OUT> created at line 939.
    Found 11-bit subtractor for signal <GND_17_o_GND_17_o_sub_192_OUT> created at line 939.
    Found 11-bit subtractor for signal <GND_17_o_GND_17_o_sub_205_OUT> created at line 946.
    Found 11-bit subtractor for signal <GND_17_o_GND_17_o_sub_227_OUT> created at line 958.
    Found 11-bit subtractor for signal <GND_17_o_GND_17_o_sub_235_OUT> created at line 964.
    Found 11-bit subtractor for signal <GND_17_o_GND_17_o_sub_238_OUT> created at line 964.
    Found 32-bit adder for signal <i[31]_GND_17_o_add_1_OUT> created at line 798.
    Found 10-bit adder for signal <x[9]_GND_17_o_add_5_OUT> created at line 817.
    Found 10-bit adder for signal <y[9]_GND_17_o_add_7_OUT> created at line 825.
    Found 9-bit adder for signal <GND_17_o_GND_17_o_add_25_OUT> created at line 865.
    Found 9-bit adder for signal <n0337> created at line 871.
    Found 9-bit adder for signal <n0340> created at line 871.
    Found 10-bit adder for signal <n0342> created at line 877.
    Found 10-bit adder for signal <n0345> created at line 877.
    Found 10-bit adder for signal <n0389> created at line 930.
    Found 10-bit adder for signal <n0393> created at line 939.
    Found 10-bit adder for signal <n0396> created at line 939.
    Found 10-bit adder for signal <n0399> created at line 946.
    Found 10-bit adder for signal <n0403> created at line 958.
    Found 10-bit adder for signal <n0405> created at line 964.
    Found 10-bit adder for signal <n0408> created at line 964.
    Found 5-bit subtractor for signal <GND_17_o_GND_17_o_sub_27_OUT<4:0>> created at line 865.
    Found 7-bit subtractor for signal <GND_17_o_GND_17_o_sub_58_OUT<6:0>> created at line 883.
    Found 6-bit subtractor for signal <GND_17_o_GND_17_o_sub_67_OUT<5:0>> created at line 889.
    Found 3-bit subtractor for signal <GND_17_o_GND_17_o_sub_142_OUT<2:0>> created at line 924.
    Found 4-bit subtractor for signal <GND_17_o_GND_17_o_sub_82_OUT<3:0>> created at line 895.
    Found 4-bit subtractor for signal <GND_17_o_GND_17_o_sub_97_OUT<3:0>> created at line 901.
    Found 4-bit subtractor for signal <GND_17_o_GND_17_o_sub_112_OUT<3:0>> created at line 906.
    Found 3-bit subtractor for signal <GND_17_o_GND_17_o_sub_126_OUT<2:0>> created at line 916.
    Found 3-bit subtractor for signal <GND_17_o_GND_17_o_sub_128_OUT<2:0>> created at line 916.
    Found 4-bit subtractor for signal <GND_17_o_GND_17_o_sub_136_OUT<3:0>> created at line 920.
    Found 64x25-bit Read Only RAM for signal <_n1461>
    Found 8x12-bit Read Only RAM for signal <_n1733>
    Found 1-bit 26-to-1 multiplexer for signal <GND_17_o_X_15_o_Mux_27_o> created at line 865.
    Found 1-bit 26-to-1 multiplexer for signal <GND_17_o_X_15_o_Mux_39_o> created at line 871.
    Found 1-bit 12-to-1 multiplexer for signal <GND_17_o_X_15_o_Mux_82_o> created at line 895.
    Found 1-bit 12-to-1 multiplexer for signal <GND_17_o_X_15_o_Mux_97_o> created at line 901.
    Found 1-bit 12-to-1 multiplexer for signal <GND_17_o_X_15_o_Mux_112_o> created at line 906.
    Found 1-bit 11-to-1 multiplexer for signal <GND_17_o_X_15_o_Mux_156_o> created at line 928.
    Found 1-bit 11-to-1 multiplexer for signal <GND_17_o_X_15_o_Mux_168_o> created at line 930.
    Found 1-bit 4-to-1 multiplexer for signal <p1_act[1]_GND_17_o_Mux_169_o> created at line 927.
    Found 1-bit 11-to-1 multiplexer for signal <GND_17_o_X_15_o_Mux_181_o> created at line 937.
    Found 1-bit 11-to-1 multiplexer for signal <GND_17_o_X_15_o_Mux_193_o> created at line 939.
    Found 1-bit 4-to-1 multiplexer for signal <p2_act[1]_GND_17_o_Mux_194_o> created at line 936.
    Found 1-bit 7-to-1 multiplexer for signal <GND_17_o_X_15_o_wide_mux_80_OUT<11>> created at line 895.
    Found 1-bit 6-to-1 multiplexer for signal <GND_17_o_X_15_o_wide_mux_80_OUT<10>> created at line 895.
    Found 1-bit 7-to-1 multiplexer for signal <GND_17_o_X_15_o_wide_mux_80_OUT<9>> created at line 895.
    Found 1-bit 7-to-1 multiplexer for signal <GND_17_o_X_15_o_wide_mux_80_OUT<8>> created at line 895.
    Found 1-bit 7-to-1 multiplexer for signal <GND_17_o_X_15_o_wide_mux_80_OUT<7>> created at line 895.
    Found 1-bit 7-to-1 multiplexer for signal <GND_17_o_X_15_o_wide_mux_95_OUT<11>> created at line 901.
    Found 1-bit 6-to-1 multiplexer for signal <GND_17_o_X_15_o_wide_mux_95_OUT<10>> created at line 901.
    Found 1-bit 7-to-1 multiplexer for signal <GND_17_o_X_15_o_wide_mux_95_OUT<9>> created at line 901.
    Found 1-bit 7-to-1 multiplexer for signal <GND_17_o_X_15_o_wide_mux_95_OUT<8>> created at line 901.
    Found 1-bit 7-to-1 multiplexer for signal <GND_17_o_X_15_o_wide_mux_95_OUT<7>> created at line 901.
    Found 1-bit 7-to-1 multiplexer for signal <GND_17_o_X_15_o_wide_mux_110_OUT<11>> created at line 906.
    Found 1-bit 6-to-1 multiplexer for signal <GND_17_o_X_15_o_wide_mux_110_OUT<10>> created at line 906.
    Found 1-bit 7-to-1 multiplexer for signal <GND_17_o_X_15_o_wide_mux_110_OUT<9>> created at line 906.
    Found 1-bit 7-to-1 multiplexer for signal <GND_17_o_X_15_o_wide_mux_110_OUT<8>> created at line 906.
    Found 1-bit 7-to-1 multiplexer for signal <GND_17_o_X_15_o_wide_mux_110_OUT<7>> created at line 906.
    Found 32-bit comparator greater for signal <GND_17_o_i[31]_LessThan_1_o> created at line 797
    Found 10-bit comparator greater for signal <x[9]_PWR_15_o_LessThan_5_o> created at line 815
    Found 10-bit comparator lessequal for signal <y[9]_PWR_15_o_LessThan_7_o> created at line 823
    Found 10-bit comparator lessequal for signal <x[9]_GND_17_o_LessThan_12_o> created at line 837
    Found 10-bit comparator lessequal for signal <y[9]_GND_17_o_LessThan_13_o> created at line 849
    Found 10-bit comparator greater for signal <x[9]_PWR_15_o_LessThan_14_o> created at line 861
    Found 10-bit comparator greater for signal <y[9]_GND_17_o_LessThan_15_o> created at line 861
    Found 10-bit comparator lessequal for signal <n0021> created at line 863
    Found 10-bit comparator greater for signal <x[9]_GND_17_o_LessThan_17_o> created at line 863
    Found 10-bit comparator lessequal for signal <n0033> created at line 869
    Found 10-bit comparator greater for signal <x[9]_PWR_15_o_LessThan_30_o> created at line 869
    Found 10-bit comparator greater for signal <n0036> created at line 869
    Found 10-bit comparator greater for signal <y[9]_GND_17_o_LessThan_32_o> created at line 869
    Found 10-bit comparator lessequal for signal <n0052> created at line 875
    Found 10-bit comparator greater for signal <x[9]_PWR_15_o_LessThan_42_o> created at line 875
    Found 10-bit comparator lessequal for signal <n0055> created at line 875
    Found 10-bit comparator greater for signal <y[9]_GND_17_o_LessThan_44_o> created at line 875
    Found 10-bit comparator lessequal for signal <n0070> created at line 881
    Found 10-bit comparator greater for signal <x[9]_GND_17_o_LessThan_53_o> created at line 881
    Found 10-bit comparator lessequal for signal <n0073> created at line 881
    Found 10-bit comparator greater for signal <y[9]_GND_17_o_LessThan_55_o> created at line 881
    Found 10-bit comparator lessequal for signal <n0087> created at line 887
    Found 10-bit comparator greater for signal <x[9]_GND_17_o_LessThan_62_o> created at line 887
    Found 10-bit comparator lessequal for signal <n0097> created at line 893
    Found 10-bit comparator greater for signal <x[9]_GND_17_o_LessThan_70_o> created at line 893
    Found 10-bit comparator lessequal for signal <n0100> created at line 893
    Found 10-bit comparator greater for signal <y[9]_GND_17_o_LessThan_72_o> created at line 893
    Found 10-bit comparator lessequal for signal <n0117> created at line 899
    Found 10-bit comparator greater for signal <x[9]_GND_17_o_LessThan_85_o> created at line 899
    Found 10-bit comparator lessequal for signal <n0133> created at line 904
    Found 10-bit comparator greater for signal <x[9]_PWR_15_o_LessThan_100_o> created at line 904
    Found 10-bit comparator lessequal for signal <n0149> created at line 908
    Found 10-bit comparator greater for signal <x[9]_GND_17_o_LessThan_115_o> created at line 908
    Found 10-bit comparator lessequal for signal <n0157> created at line 914
    Found 10-bit comparator greater for signal <x[9]_PWR_15_o_LessThan_123_o> created at line 914
    Found 10-bit comparator lessequal for signal <n0160> created at line 914
    Found 10-bit comparator greater for signal <y[9]_GND_17_o_LessThan_125_o> created at line 914
    Found 10-bit comparator lessequal for signal <n0170> created at line 918
    Found 10-bit comparator greater for signal <x[9]_GND_17_o_LessThan_131_o> created at line 918
    Found 10-bit comparator lessequal for signal <n0179> created at line 922
    Found 10-bit comparator greater for signal <x[9]_PWR_15_o_LessThan_139_o> created at line 922
    Found 10-bit comparator lessequal for signal <n0182> created at line 922
    Found 10-bit comparator greater for signal <y[9]_GND_17_o_LessThan_141_o> created at line 922
    Found 10-bit comparator lessequal for signal <n0192> created at line 926
    Found 10-bit comparator greater for signal <x[9]_GND_17_o_LessThan_147_o> created at line 926
    Found 10-bit comparator lessequal for signal <n0207> created at line 935
    Found 10-bit comparator greater for signal <x[9]_PWR_15_o_LessThan_172_o> created at line 935
    Found 10-bit comparator lessequal for signal <n0210> created at line 935
    Found 10-bit comparator greater for signal <y[9]_GND_17_o_LessThan_174_o> created at line 935
    Found 10-bit comparator lessequal for signal <n0236> created at line 944
    Found 10-bit comparator greater for signal <x[9]_GND_17_o_LessThan_199_o> created at line 944
    Found 10-bit comparator lessequal for signal <n0256> created at line 956
    Found 10-bit comparator greater for signal <x[9]_GND_17_o_LessThan_221_o> created at line 956
    Found 10-bit comparator lessequal for signal <n0269> created at line 962
    Found 10-bit comparator greater for signal <x[9]_GND_17_o_LessThan_232_o> created at line 962
    Found 10-bit comparator lessequal for signal <n0272> created at line 962
    WARNING:Xst:2404 -  FFs/Latches <green<0:0>> (without init value) have a constant value of 0 in block <vga_controller>.
    WARNING:Xst:2404 -  FFs/Latches <blue<0:0>> (without init value) have a constant value of 0 in block <vga_controller>.
    Summary:
	inferred   2 RAM(s).
	inferred  37 Adder/Subtractor(s).
	inferred  57 D-type flip-flop(s).
	inferred  56 Comparator(s).
	inferred 198 Multiplexer(s).
Unit <vga_controller> synthesized.

=========================================================================
HDL Synthesis Report

Macro Statistics
# RAMs                                                 : 2
 64x25-bit single-port Read Only RAM                   : 1
 8x12-bit single-port Read Only RAM                    : 1
# Adders/Subtractors                                   : 41
 10-bit adder                                          : 11
 11-bit subtractor                                     : 12
 27-bit adder                                          : 1
 3-bit subtractor                                      : 3
 32-bit adder                                          : 1
 4-bit adder                                           : 1
 4-bit subtractor                                      : 4
 5-bit subtractor                                      : 1
 6-bit adder                                           : 2
 6-bit subtractor                                      : 1
 7-bit subtractor                                      : 1
 9-bit adder                                           : 3
# Registers                                            : 14
 1-bit register                                        : 6
 10-bit register                                       : 2
 2-bit register                                        : 1
 27-bit register                                       : 1
 32-bit register                                       : 1
 4-bit register                                        : 3
# Comparators                                          : 65
 10-bit comparator greater                             : 28
 10-bit comparator lessequal                           : 27
 27-bit comparator lessequal                           : 1
 32-bit comparator greater                             : 1
 6-bit comparator greater                              : 8
# Multiplexers                                         : 214
 1-bit 11-to-1 multiplexer                             : 4
 1-bit 12-to-1 multiplexer                             : 3
 1-bit 2-to-1 multiplexer                              : 172
 1-bit 26-to-1 multiplexer                             : 2
 1-bit 4-to-1 multiplexer                              : 2
 1-bit 6-to-1 multiplexer                              : 3
 1-bit 7-to-1 multiplexer                              : 12
 2-bit 2-to-1 multiplexer                              : 5
 4-bit 2-to-1 multiplexer                              : 11
# Xors                                                 : 2
 1-bit xor2                                            : 2

=========================================================================

=========================================================================
*                       Advanced HDL Synthesis                          *
=========================================================================


Synthesizing (advanced) Unit <delay_3sec>.
The following registers are absorbed into counter <counter>: 1 register on signal <counter>.
Unit <delay_3sec> synthesized (advanced).

Synthesizing (advanced) Unit <vga_controller>.
The following registers are absorbed into counter <x>: 1 register on signal <x>.
The following registers are absorbed into counter <y>: 1 register on signal <y>.
The following registers are absorbed into counter <i>: 1 register on signal <i>.
INFO:Xst:3218 - HDL ADVISOR - The RAM <Mram__n1733> will be implemented on LUTs either because you have described an asynchronous read or because of currently unsupported block RAM features. If you have described an asynchronous read, making it synchronous would allow you to take advantage of available block RAM resources, for optimized device usage and improved timings. Please refer to your documentation for coding guidelines.
    -----------------------------------------------------------------------
    | ram_type           | Distributed                         |          |
    -----------------------------------------------------------------------
    | Port A                                                              |
    |     aspect ratio   | 8-word x 12-bit                     |          |
    |     weA            | connected to signal <GND>           | high     |
    |     addrA          | connected to signal <y<2:0>>        |          |
    |     diA            | connected to signal <GND>           |          |
    |     doA            | connected to internal node          |          |
    -----------------------------------------------------------------------
INFO:Xst:3218 - HDL ADVISOR - The RAM <Mram__n1461> will be implemented on LUTs either because you have described an asynchronous read or because of currently unsupported block RAM features. If you have described an asynchronous read, making it synchronous would allow you to take advantage of available block RAM resources, for optimized device usage and improved timings. Please refer to your documentation for coding guidelines.
    -----------------------------------------------------------------------
    | ram_type           | Distributed                         |          |
    -----------------------------------------------------------------------
    | Port A                                                              |
    |     aspect ratio   | 64-word x 25-bit                    |          |
    |     weA            | connected to signal <GND>           | high     |
    |     addrA          | connected to signal <n0337>         |          |
    |     diA            | connected to signal <GND>           |          |
    |     doA            | connected to internal node          |          |
    -----------------------------------------------------------------------
Unit <vga_controller> synthesized (advanced).

=========================================================================
Advanced HDL Synthesis Report

Macro Statistics
# RAMs                                                 : 2
 64x25-bit single-port distributed Read Only RAM       : 1
 8x12-bit single-port distributed Read Only RAM        : 1
# Adders/Subtractors                                   : 36
 11-bit subtractor                                     : 12
 3-bit adder                                           : 2
 3-bit subtractor                                      : 3
 4-bit adder                                           : 5
 4-bit subtractor                                      : 4
 5-bit adder                                           : 3
 5-bit subtractor borrow in                            : 1
 6-bit adder                                           : 3
 6-bit subtractor                                      : 1
 7-bit subtractor                                      : 1
 8-bit adder                                           : 1
# Counters                                             : 4
 10-bit up counter                                     : 2
 27-bit up counter                                     : 1
 32-bit up counter                                     : 1
# Registers                                            : 20
 Flip-Flops                                            : 20
# Comparators                                          : 65
 10-bit comparator greater                             : 28
 10-bit comparator lessequal                           : 27
 27-bit comparator lessequal                           : 1
 32-bit comparator greater                             : 1
 6-bit comparator greater                              : 8
# Multiplexers                                         : 202
 1-bit 11-to-1 multiplexer                             : 4
 1-bit 12-to-1 multiplexer                             : 3
 1-bit 2-to-1 multiplexer                              : 160
 1-bit 26-to-1 multiplexer                             : 2
 1-bit 4-to-1 multiplexer                              : 2
 1-bit 6-to-1 multiplexer                              : 3
 1-bit 7-to-1 multiplexer                              : 12
 2-bit 2-to-1 multiplexer                              : 5
 4-bit 2-to-1 multiplexer                              : 11
# Xors                                                 : 2
 1-bit xor2                                            : 2

=========================================================================

=========================================================================
*                         Low Level Synthesis                           *
=========================================================================

Optimizing unit <Digital_Logic_Battle_Process> ...

Optimizing unit <delay_3sec> ...

Optimizing unit <Game> ...

Optimizing unit <vga_controller> ...
WARNING:Xst:1293 - FF/Latch <XLXI_10/i_31> has a constant value of 0 in block <Digital_Logic_Battle_Process>. This FF/Latch will be trimmed during the optimization process.
WARNING:Xst:1293 - FF/Latch <XLXI_10/i_30> has a constant value of 0 in block <Digital_Logic_Battle_Process>. This FF/Latch will be trimmed during the optimization process.
WARNING:Xst:1293 - FF/Latch <XLXI_10/i_29> has a constant value of 0 in block <Digital_Logic_Battle_Process>. This FF/Latch will be trimmed during the optimization process.
WARNING:Xst:1293 - FF/Latch <XLXI_10/i_28> has a constant value of 0 in block <Digital_Logic_Battle_Process>. This FF/Latch will be trimmed during the optimization process.
WARNING:Xst:1293 - FF/Latch <XLXI_10/i_27> has a constant value of 0 in block <Digital_Logic_Battle_Process>. This FF/Latch will be trimmed during the optimization process.
WARNING:Xst:1293 - FF/Latch <XLXI_10/i_26> has a constant value of 0 in block <Digital_Logic_Battle_Process>. This FF/Latch will be trimmed during the optimization process.
WARNING:Xst:1293 - FF/Latch <XLXI_10/i_25> has a constant value of 0 in block <Digital_Logic_Battle_Process>. This FF/Latch will be trimmed during the optimization process.
WARNING:Xst:1293 - FF/Latch <XLXI_10/i_24> has a constant value of 0 in block <Digital_Logic_Battle_Process>. This FF/Latch will be trimmed during the optimization process.

Mapping all equations...
Building and optimizing final netlist ...
Found area constraint ratio of 100 (+ 5) on block Digital_Logic_Battle_Process, actual ratio is 16.
FlipFlop XLXI_10/x_0 has been replicated 5 time(s)
FlipFlop XLXI_10/x_1 has been replicated 5 time(s)
FlipFlop XLXI_10/x_2 has been replicated 5 time(s)
FlipFlop XLXI_10/x_3 has been replicated 4 time(s)
FlipFlop XLXI_10/x_4 has been replicated 2 time(s)
FlipFlop XLXI_10/x_5 has been replicated 3 time(s)
FlipFlop XLXI_10/x_6 has been replicated 3 time(s)
FlipFlop XLXI_10/x_7 has been replicated 2 time(s)
FlipFlop XLXI_10/x_8 has been replicated 1 time(s)
FlipFlop XLXI_10/x_9 has been replicated 3 time(s)
FlipFlop XLXI_10/y_0 has been replicated 5 time(s)
FlipFlop XLXI_10/y_1 has been replicated 5 time(s)
FlipFlop XLXI_10/y_2 has been replicated 5 time(s)
FlipFlop XLXI_10/y_3 has been replicated 2 time(s)
FlipFlop XLXI_10/y_4 has been replicated 1 time(s)
FlipFlop XLXI_10/y_5 has been replicated 2 time(s)
FlipFlop XLXI_10/y_6 has been replicated 2 time(s)
FlipFlop XLXI_10/y_7 has been replicated 2 time(s)
FlipFlop XLXI_10/y_8 has been replicated 1 time(s)
FlipFlop XLXI_10/y_9 has been replicated 1 time(s)

Final Macro Processing ...

=========================================================================
Final Register Report

Macro Statistics
# Registers                                            : 150
 Flip-Flops                                            : 150

=========================================================================

=========================================================================
*                           Partition Report                            *
=========================================================================

Partition Implementation Status
-------------------------------

  No Partitions were found in this design.

-------------------------------

=========================================================================
*                            Design Summary                             *
=========================================================================

Top Level Output File Name         : Digital_Logic_Battle_Process.ngc

Primitive and Black Box Usage:
------------------------------
# BELS                             : 995
#      BUF                         : 4
#      GND                         : 1
#      INV                         : 5
#      LUT1                        : 68
#      LUT2                        : 46
#      LUT3                        : 63
#      LUT4                        : 72
#      LUT5                        : 136
#      LUT6                        : 415
#      MUXCY                       : 79
#      MUXF7                       : 34
#      VCC                         : 1
#      XORCY                       : 71
# FlipFlops/Latches                : 150
#      FD                          : 2
#      FDCE                        : 10
#      FDE                         : 1
#      FDPE                        : 4
#      FDR                         : 69
#      FDRE                        : 64
# Clock Buffers                    : 2
#      BUFG                        : 2
# IO Buffers                       : 15
#      IBUF                        : 5
#      IBUFG                       : 1
#      OBUF                        : 9
# DCMs                             : 1
#      DCM_SP                      : 1

Device utilization summary:
---------------------------

Selected Device : 6slx9tqg144-3 


Slice Logic Utilization: 
 Number of Slice Registers:             150  out of  11440     1%  
 Number of Slice LUTs:                  805  out of   5720    14%  
    Number used as Logic:               805  out of   5720    14%  

Slice Logic Distribution: 
 Number of LUT Flip Flop pairs used:    871
   Number with an unused Flip Flop:     721  out of    871    82%  
   Number with an unused LUT:            66  out of    871     7%  
   Number of fully used LUT-FF pairs:    84  out of    871     9%  
   Number of unique control sets:        11

IO Utilization: 
 Number of IOs:                          15
 Number of bonded IOBs:                  15  out of    102    14%  

Specific Feature Utilization:
 Number of BUFG/BUFGCTRLs:                2  out of     16    12%  

---------------------------
Partition Resource Summary:
---------------------------

  No Partitions were found in this design.

---------------------------


=========================================================================
Timing Report

NOTE: THESE TIMING NUMBERS ARE ONLY A SYNTHESIS ESTIMATE.
      FOR ACCURATE TIMING INFORMATION PLEASE REFER TO THE TRACE REPORT
      GENERATED AFTER PLACE-and-ROUTE.

Clock Information:
------------------
-----------------------------------+---------------------------+-------+
Clock Signal                       | Clock buffer(FF name)     | Load  |
-----------------------------------+---------------------------+-------+
clk                                | DCM_SP:CLKFX              | 136   |
XLXI_1/delay_flag                  | NONE(XLXI_2/game_winner_1)| 14    |
-----------------------------------+---------------------------+-------+
INFO:Xst:2169 - HDL ADVISOR - Some clock signals were not automatically buffered by XST with BUFG/BUFR resources. Please use the buffer_type constraint in order to insert these buffers to the clock signals to help prevent skew problems.

Asynchronous Control Signals Information:
----------------------------------------
No asynchronous control signals found in this design

Timing Summary:
---------------
Speed Grade: -3

   Minimum period: 11.720ns (Maximum Frequency: 85.325MHz)
   Minimum input arrival time before clock: 9.491ns
   Maximum output required time after clock: 3.597ns
   Maximum combinational path delay: 6.203ns

Timing Details:
---------------
All values displayed in nanoseconds (ns)

=========================================================================
Timing constraint: Default period analysis for Clock 'clk'
  Clock period: 11.720ns (frequency: 85.325MHz)
  Total number of paths / destination ports: 20267 / 306
-------------------------------------------------------------------------
Delay:               9.376ns (Levels of Logic = 9)
  Source:            XLXI_10/y_7_1 (FF)
  Destination:       XLXI_10/pixel_color (FF)
  Source Clock:      clk rising 1.2X
  Destination Clock: clk rising 1.2X

  Data Path: XLXI_10/y_7_1 to XLXI_10/pixel_color
                                Gate     Net
    Cell:in->out      fanout   Delay   Delay  Logical Name (Net Name)
    ----------------------------------------  ------------
     FDRE:C->Q             1   0.447   0.808  XLXI_10/y_7_1 (XLXI_10/y_7_1)
     LUT3:I0->O            4   0.205   0.684  XLXI_10/Madd_n0337_Madd_xor<5>131 (XLXI_10/GND_17_o_GND_17_o_AND_97_o21)
     LUT5:I4->O            9   0.205   0.830  XLXI_10/GND_17_o_GND_17_o_AND_16_o21 (XLXI_10/GND_17_o_GND_17_o_AND_16_o2)
     LUT5:I4->O           24   0.205   1.173  XLXI_10/Madd_n0337_Madd_lut<0>1 (XLXI_10/Madd_n0337_Madd_lut<0>)
     LUT5:I4->O           25   0.205   1.193  XLXI_10/Madd_n0337_Madd_xor<3>11 (XLXI_10/n0337<3>)
     LUT6:I5->O            2   0.205   0.864  XLXI_10_Mram__n1461110 (XLXI_10/_n1461<24>)
     LUT6:I2->O            1   0.203   0.827  XLXI_10/Mmux_GND_17_o_X_15_o_Mux_27_o_81 (XLXI_10/Mmux_GND_17_o_X_15_o_Mux_27_o_81)
     LUT6:I2->O            1   0.203   0.000  XLXI_10/Mmux_GND_17_o_X_15_o_Mux_27_o_2_f7_F (N435)
     MUXF7:I0->O           1   0.131   0.684  XLXI_10/Mmux_GND_17_o_X_15_o_Mux_27_o_2_f7 (XLXI_10/GND_17_o_X_15_o_Mux_27_o)
     LUT6:I4->O            1   0.203   0.000  XLXI_10/Mmux_GND_17_o_GND_17_o_MUX_674_o28312 (XLXI_10/GND_17_o_GND_17_o_MUX_674_o)
     FDRE:D                    0.102          XLXI_10/pixel_color
    ----------------------------------------
    Total                      9.376ns (2.314ns logic, 7.062ns route)
                                       (24.7% logic, 75.3% route)

=========================================================================
Timing constraint: Default period analysis for Clock 'XLXI_1/delay_flag'
  Clock period: 7.849ns (frequency: 127.399MHz)
  Total number of paths / destination ports: 595 / 28
-------------------------------------------------------------------------
Delay:               7.849ns (Levels of Logic = 6)
  Source:            XLXI_2/p1_health_0 (FF)
  Destination:       XLXI_2/game_winner_1 (FF)
  Source Clock:      XLXI_1/delay_flag rising
  Destination Clock: XLXI_1/delay_flag rising

  Data Path: XLXI_2/p1_health_0 to XLXI_2/game_winner_1
                                Gate     Net
    Cell:in->out      fanout   Delay   Delay  Logical Name (Net Name)
    ----------------------------------------  ------------
     FDCE:C->Q            25   0.447   1.537  XLXI_2/p1_health_0 (XLXI_2/p1_health_0)
     LUT5:I0->O            6   0.203   0.973  XLXI_2/Madd_n0121_lut<0>1 (XLXI_2/Madd_n0121_lut<0>)
     LUT6:I3->O            8   0.205   1.147  XLXI_2/Madd_n0121_xor<4>111 (XLXI_2/Madd_n0121_xor<4>11)
     LUT6:I1->O            3   0.203   0.898  XLXI_2/Madd_n0121_xor<4>121 (XLXI_2/Madd_n0121_xor<4>12)
     LUT6:I2->O            1   0.203   0.944  XLXI_2/Mmux_game_winner[1]_game_winner[1]_mux_51_OUT11 (XLXI_2/Mmux_game_winner[1]_game_winner[1]_mux_51_OUT1)
     LUT6:I0->O            1   0.203   0.580  XLXI_2/Mmux_game_winner[1]_game_winner[1]_mux_51_OUT12 (XLXI_2/Mmux_game_winner[1]_game_winner[1]_mux_51_OUT11)
     LUT6:I5->O            1   0.205   0.000  XLXI_2/Mmux_game_winner[1]_game_winner[1]_mux_51_OUT14 (XLXI_2/game_winner[1]_game_winner[1]_mux_51_OUT<0>)
     FDCE:D                    0.102          XLXI_2/game_winner_0
    ----------------------------------------
    Total                      7.849ns (1.771ns logic, 6.078ns route)
                                       (22.6% logic, 77.4% route)

=========================================================================
Timing constraint: Default OFFSET IN BEFORE for Clock 'clk'
  Total number of paths / destination ports: 257 / 57
-------------------------------------------------------------------------
Offset:              9.491ns (Levels of Logic = 8)
  Source:            p2_action_inp<0> (PAD)
  Destination:       XLXI_10/pixel_color (FF)
  Destination Clock: clk rising 1.2X

  Data Path: p2_action_inp<0> to XLXI_10/pixel_color
                                Gate     Net
    Cell:in->out      fanout   Delay   Delay  Logical Name (Net Name)
    ----------------------------------------  ------------
     IBUF:I->O            25   1.222   1.440  p2_action_inp_0_IBUF (p2_action_inp_0_IBUF)
     LUT4:I0->O           28   0.203   1.599  XLXI_1/p1_action[1]_p2_action[1]_AND_2_o1 (XLXI_10/GND_17_o_p2_act[1]_AND_57_o11)
     LUT6:I0->O            2   0.203   0.721  XLXI_10/GND_17_o_p2_act[1]_AND_57_o15 (XLXI_10/GND_17_o_p2_act[1]_AND_57_o1)
     LUT5:I3->O            3   0.203   0.995  XLXI_10/PWR_15_o_p2_act[1]_AND_68_o (XLXI_10/PWR_15_o_p2_act[1]_AND_68_o)
     LUT6:I1->O            1   0.203   0.580  XLXI_10/Mmux_GND_17_o_GND_17_o_MUX_674_o28281 (XLXI_10/Mmux_GND_17_o_GND_17_o_MUX_674_o28281)
     LUT6:I5->O            1   0.205   0.580  XLXI_10/Mmux_GND_17_o_GND_17_o_MUX_674_o28293 (XLXI_10/Mmux_GND_17_o_GND_17_o_MUX_674_o28293)
     LUT6:I5->O            1   0.205   0.827  XLXI_10/Mmux_GND_17_o_GND_17_o_MUX_674_o28311 (XLXI_10/Mmux_GND_17_o_GND_17_o_MUX_674_o28311)
     LUT6:I2->O            1   0.203   0.000  XLXI_10/Mmux_GND_17_o_GND_17_o_MUX_674_o28312 (XLXI_10/GND_17_o_GND_17_o_MUX_674_o)
     FDRE:D                    0.102          XLXI_10/pixel_color
    ----------------------------------------
    Total                      9.491ns (2.749ns logic, 6.742ns route)
                                       (29.0% logic, 71.0% route)

=========================================================================
Timing constraint: Default OFFSET IN BEFORE for Clock 'XLXI_1/delay_flag'
  Total number of paths / destination ports: 1354 / 42
-------------------------------------------------------------------------
Offset:              8.780ns (Levels of Logic = 7)
  Source:            p1_action_inp<0> (PAD)
  Destination:       XLXI_2/game_winner_1 (FF)
  Destination Clock: XLXI_1/delay_flag rising

  Data Path: p1_action_inp<0> to XLXI_2/game_winner_1
                                Gate     Net
    Cell:in->out      fanout   Delay   Delay  Logical Name (Net Name)
    ----------------------------------------  ------------
     IBUF:I->O            30   1.222   1.492  p1_action_inp_0_IBUF (p1_action_inp_0_IBUF)
     LUT4:I1->O            9   0.205   1.174  XLXI_2/_n0163<2>2 (XLXI_2/Madd_n0121_lut<4>)
     LUT6:I1->O            8   0.203   1.147  XLXI_2/Madd_n0121_xor<4>111 (XLXI_2/Madd_n0121_xor<4>11)
     LUT6:I1->O            3   0.203   0.898  XLXI_2/Madd_n0121_xor<4>121 (XLXI_2/Madd_n0121_xor<4>12)
     LUT6:I2->O            1   0.203   0.944  XLXI_2/Mmux_game_winner[1]_game_winner[1]_mux_51_OUT11 (XLXI_2/Mmux_game_winner[1]_game_winner[1]_mux_51_OUT1)
     LUT6:I0->O            1   0.203   0.580  XLXI_2/Mmux_game_winner[1]_game_winner[1]_mux_51_OUT12 (XLXI_2/Mmux_game_winner[1]_game_winner[1]_mux_51_OUT11)
     LUT6:I5->O            1   0.205   0.000  XLXI_2/Mmux_game_winner[1]_game_winner[1]_mux_51_OUT14 (XLXI_2/game_winner[1]_game_winner[1]_mux_51_OUT<0>)
     FDCE:D                    0.102          XLXI_2/game_winner_0
    ----------------------------------------
    Total                      8.780ns (2.546ns logic, 6.234ns route)
                                       (29.0% logic, 71.0% route)

=========================================================================
Timing constraint: Default OFFSET OUT AFTER for Clock 'clk'
  Total number of paths / destination ports: 3 / 3
-------------------------------------------------------------------------
Offset:              3.597ns (Levels of Logic = 1)
  Source:            XLXI_10/hsync (FF)
  Destination:       hsync (PAD)
  Source Clock:      clk rising 1.2X

  Data Path: XLXI_10/hsync to hsync
                                Gate     Net
    Cell:in->out      fanout   Delay   Delay  Logical Name (Net Name)
    ----------------------------------------  ------------
     FD:C->Q               1   0.447   0.579  XLXI_10/hsync (XLXI_10/hsync)
     OBUF:I->O                 2.571          hsync_OBUF (hsync)
    ----------------------------------------
    Total                      3.597ns (3.018ns logic, 0.579ns route)
                                       (83.9% logic, 16.1% route)

=========================================================================
Timing constraint: Default path analysis
  Total number of paths / destination ports: 4 / 4
-------------------------------------------------------------------------
Delay:               6.203ns (Levels of Logic = 3)
  Source:            p1_action_inp<0> (PAD)
  Destination:       p1_action<0> (PAD)

  Data Path: p1_action_inp<0> to p1_action<0>
                                Gate     Net
    Cell:in->out      fanout   Delay   Delay  Logical Name (Net Name)
    ----------------------------------------  ------------
     IBUF:I->O            30   1.222   1.263  p1_action_inp_0_IBUF (p1_action_inp_0_IBUF)
     BUF:I->O              1   0.568   0.579  XLXI_20 (p1_action_0_OBUF)
     OBUF:I->O                 2.571          p1_action_0_OBUF (p1_action<0>)
    ----------------------------------------
    Total                      6.203ns (4.361ns logic, 1.842ns route)
                                       (70.3% logic, 29.7% route)

=========================================================================

Cross Clock Domains Report:
--------------------------

Clock to Setup on destination clock XLXI_1/delay_flag
-----------------+---------+---------+---------+---------+
                 | Src:Rise| Src:Fall| Src:Rise| Src:Fall|
Source Clock     |Dest:Rise|Dest:Rise|Dest:Fall|Dest:Fall|
-----------------+---------+---------+---------+---------+
XLXI_1/delay_flag|    7.849|         |         |         |
-----------------+---------+---------+---------+---------+

Clock to Setup on destination clock clk
-----------------+---------+---------+---------+---------+
                 | Src:Rise| Src:Fall| Src:Rise| Src:Fall|
Source Clock     |Dest:Rise|Dest:Rise|Dest:Fall|Dest:Fall|
-----------------+---------+---------+---------+---------+
XLXI_1/delay_flag|   10.365|         |         |         |
clk              |    9.376|         |         |         |
-----------------+---------+---------+---------+---------+

=========================================================================


Total REAL time to Xst completion: 20.00 secs
Total CPU time to Xst completion: 6.98 secs
 
--> 


Total memory usage is 506296 kilobytes

Number of errors   :    0 (   0 filtered)
Number of warnings :   11 (   0 filtered)
Number of infos    :    4 (   0 filtered)

