Release 14.7 - xst P.20131013 (lin64)
Copyright (c) 1995-2013 Xilinx, Inc.  All rights reserved.
--> 
Parameter TMPDIR set to xst/projnav.tmp


Total REAL time to Xst completion: 1.00 secs
Total CPU time to Xst completion: 0.01 secs
 
--> 
Parameter xsthdpdir set to xst


Total REAL time to Xst completion: 1.00 secs
Total CPU time to Xst completion: 0.01 secs
 
--> 
Reading design: Digital_Logic_Battle_Input.prj

TABLE OF CONTENTS
  1) Synthesis Options Summary
  2) HDL Parsing
  3) HDL Elaboration
  4) HDL Synthesis
       4.1) HDL Synthesis Report
  5) Advanced HDL Synthesis
       5.1) Advanced HDL Synthesis Report
  6) Low Level Synthesis
  7) Partition Report
  8) Design Summary
       8.1) Primitive and Black Box Usage
       8.2) Device utilization summary
       8.3) Partition Resource Summary
       8.4) Timing Report
            8.4.1) Clock Information
            8.4.2) Asynchronous Control Signals Information
            8.4.3) Timing Summary
            8.4.4) Timing Details
            8.4.5) Cross Clock Domains Report


=========================================================================
*                      Synthesis Options Summary                        *
=========================================================================
---- Source Parameters
Input File Name                    : "Digital_Logic_Battle_Input.prj"
Ignore Synthesis Constraint File   : NO

---- Target Parameters
Output File Name                   : "Digital_Logic_Battle_Input"
Output Format                      : NGC
Target Device                      : xc6slx9-3-tqg144

---- Source Options
Top Module Name                    : Digital_Logic_Battle_Input
Automatic FSM Extraction           : YES
FSM Encoding Algorithm             : Auto
Safe Implementation                : No
FSM Style                          : LUT
RAM Extraction                     : Yes
RAM Style                          : Auto
ROM Extraction                     : Yes
Shift Register Extraction          : YES
ROM Style                          : Auto
Resource Sharing                   : YES
Asynchronous To Synchronous        : NO
Shift Register Minimum Size        : 2
Use DSP Block                      : Auto
Automatic Register Balancing       : No

---- Target Options
LUT Combining                      : Auto
Reduce Control Sets                : Auto
Add IO Buffers                     : YES
Global Maximum Fanout              : 100000
Add Generic Clock Buffer(BUFG)     : 16
Register Duplication               : YES
Optimize Instantiated Primitives   : NO
Use Clock Enable                   : Auto
Use Synchronous Set                : Auto
Use Synchronous Reset              : Auto
Pack IO Registers into IOBs        : Auto
Equivalent register Removal        : YES

---- General Options
Optimization Goal                  : Speed
Optimization Effort                : 1
Power Reduction                    : NO
Keep Hierarchy                     : No
Netlist Hierarchy                  : As_Optimized
RTL Output                         : Yes
Global Optimization                : AllClockNets
Read Cores                         : YES
Write Timing Constraints           : NO
Cross Clock Analysis               : NO
Hierarchy Separator                : /
Bus Delimiter                      : <>
Case Specifier                     : Maintain
Slice Utilization Ratio            : 100
BRAM Utilization Ratio             : 100
DSP48 Utilization Ratio            : 100
Auto BRAM Packing                  : NO
Slice Utilization Ratio Delta      : 5

=========================================================================


=========================================================================
*                          HDL Parsing                                  *
=========================================================================
Analyzing Verilog file "/home/ise/Share_With_VM/BACKUP_FPGA1_3SEC/Action_Selector.vf" into library work
Parsing module <Action_Selector>.
Analyzing Verilog file "/home/ise/Share_With_VM/BACKUP_FPGA1_3SEC/Digital_Logic_Battle_Input.vf" into library work
Parsing module <Digital_Logic_Battle_Input>.
Parsing VHDL file "/home/ise/Share_With_VM/BACKUP_FPGA1_3SEC/Buzzer_Controller.vhd" into library work
Parsing entity <Buzzer_Controller>.
Parsing architecture <Behavioral> of entity <buzzer_controller>.
Parsing VHDL file "/home/ise/Share_With_VM/BACKUP_FPGA1_3SEC/Action_Reset.vhd" into library work
Parsing entity <Action_reset>.
Parsing architecture <Behavioral> of entity <action_reset>.

=========================================================================
*                            HDL Elaboration                            *
=========================================================================

Elaborating module <Digital_Logic_Battle_Input>.

Elaborating module <Action_Selector>.

Elaborating module <FDC>.

Elaborating module <OR3>.

Elaborating module <OR2>.

Elaborating module <AND2B1>.

Elaborating module <INV>.
Going to vhdl side to elaborate module Action_reset

Elaborating entity <Action_reset> (architecture <Behavioral>) from library <work>.
Back to verilog to continue elaboration
Going to vhdl side to elaborate module Buzzer_Controller

Elaborating entity <Buzzer_Controller> (architecture <Behavioral>) from library <work>.
Back to verilog to continue elaboration
Going to vhdl side to elaborate module Buzzer_Controller

Elaborating entity <Buzzer_Controller> (architecture <Behavioral>) from library <work>.
WARNING:HDLCompiler:758 - "/home/ise/Share_With_VM/BACKUP_FPGA1_3SEC/Buzzer_Controller.vhd" Line 6: Replacing existing netlist Buzzer_Controller(Behavioral)
Back to verilog to continue elaboration

=========================================================================
*                           HDL Synthesis                               *
=========================================================================

Synthesizing Unit <Digital_Logic_Battle_Input>.
    Related source file is "/home/ise/Share_With_VM/BACKUP_FPGA1_3SEC/Digital_Logic_Battle_Input.vf".
    Summary:
	no macro.
Unit <Digital_Logic_Battle_Input> synthesized.

Synthesizing Unit <Action_Selector>.
    Related source file is "/home/ise/Share_With_VM/BACKUP_FPGA1_3SEC/Action_Selector.vf".
    Summary:
	no macro.
Unit <Action_Selector> synthesized.

Synthesizing Unit <Action_reset>.
    Related source file is "/home/ise/Share_With_VM/BACKUP_FPGA1_3SEC/Action_Reset.vhd".
    Found 1-bit register for signal <delay_flag>.
    Found 26-bit register for signal <counter>.
    Found 26-bit adder for signal <counter[25]_GND_12_o_add_3_OUT> created at line 24.
    Found 26-bit comparator lessequal for signal <counter[25]_PWR_12_o_LessThan_3_o> created at line 23
    Summary:
	inferred   1 Adder/Subtractor(s).
	inferred  27 D-type flip-flop(s).
	inferred   1 Comparator(s).
Unit <Action_reset> synthesized.

Synthesizing Unit <Buzzer_Controller>.
    Related source file is "/home/ise/Share_With_VM/BACKUP_FPGA1_3SEC/Buzzer_Controller.vhd".
    Found 1-bit register for signal <buzzer>.
    Found 32-bit register for signal <count>.
    Found 1-bit register for signal <triggered_once>.
    Found 1-bit register for signal <buzzer_active>.
    Found 32-bit adder for signal <count[31]_GND_14_o_add_2_OUT> created at line 31.
    Found 32-bit comparator greater for signal <GND_14_o_count[31]_LessThan_2_o> created at line 30
    Summary:
	inferred   1 Adder/Subtractor(s).
	inferred  35 D-type flip-flop(s).
	inferred   1 Comparator(s).
Unit <Buzzer_Controller> synthesized.

=========================================================================
HDL Synthesis Report

Macro Statistics
# Adders/Subtractors                                   : 3
 26-bit adder                                          : 1
 32-bit adder                                          : 2
# Registers                                            : 10
 1-bit register                                        : 7
 26-bit register                                       : 1
 32-bit register                                       : 2
# Comparators                                          : 3
 26-bit comparator lessequal                           : 1
 32-bit comparator greater                             : 2

=========================================================================

=========================================================================
*                       Advanced HDL Synthesis                          *
=========================================================================


Synthesizing (advanced) Unit <Action_reset>.
The following registers are absorbed into counter <counter>: 1 register on signal <counter>.
Unit <Action_reset> synthesized (advanced).

Synthesizing (advanced) Unit <Buzzer_Controller>.
The following registers are absorbed into counter <count>: 1 register on signal <count>.
Unit <Buzzer_Controller> synthesized (advanced).

=========================================================================
Advanced HDL Synthesis Report

Macro Statistics
# Counters                                             : 3
 26-bit up counter                                     : 1
 32-bit up counter                                     : 2
# Registers                                            : 13
 Flip-Flops                                            : 13
# Comparators                                          : 3
 26-bit comparator lessequal                           : 1
 32-bit comparator greater                             : 2

=========================================================================

=========================================================================
*                         Low Level Synthesis                           *
=========================================================================

Optimizing unit <Digital_Logic_Battle_Input> ...

Optimizing unit <Action_Selector> ...

Optimizing unit <Action_reset> ...

Optimizing unit <Buzzer_Controller> ...
WARNING:Xst:1293 - FF/Latch <XLXI_56/count_22> has a constant value of 0 in block <Digital_Logic_Battle_Input>. This FF/Latch will be trimmed during the optimization process.
WARNING:Xst:1896 - Due to other FF/Latch trimming, FF/Latch <XLXI_56/count_23> has a constant value of 0 in block <Digital_Logic_Battle_Input>. This FF/Latch will be trimmed during the optimization process.
WARNING:Xst:1896 - Due to other FF/Latch trimming, FF/Latch <XLXI_56/count_24> has a constant value of 0 in block <Digital_Logic_Battle_Input>. This FF/Latch will be trimmed during the optimization process.
WARNING:Xst:1896 - Due to other FF/Latch trimming, FF/Latch <XLXI_56/count_25> has a constant value of 0 in block <Digital_Logic_Battle_Input>. This FF/Latch will be trimmed during the optimization process.
WARNING:Xst:1896 - Due to other FF/Latch trimming, FF/Latch <XLXI_56/count_26> has a constant value of 0 in block <Digital_Logic_Battle_Input>. This FF/Latch will be trimmed during the optimization process.
WARNING:Xst:1896 - Due to other FF/Latch trimming, FF/Latch <XLXI_56/count_27> has a constant value of 0 in block <Digital_Logic_Battle_Input>. This FF/Latch will be trimmed during the optimization process.
WARNING:Xst:1896 - Due to other FF/Latch trimming, FF/Latch <XLXI_56/count_28> has a constant value of 0 in block <Digital_Logic_Battle_Input>. This FF/Latch will be trimmed during the optimization process.
WARNING:Xst:1896 - Due to other FF/Latch trimming, FF/Latch <XLXI_56/count_29> has a constant value of 0 in block <Digital_Logic_Battle_Input>. This FF/Latch will be trimmed during the optimization process.
WARNING:Xst:1896 - Due to other FF/Latch trimming, FF/Latch <XLXI_56/count_30> has a constant value of 0 in block <Digital_Logic_Battle_Input>. This FF/Latch will be trimmed during the optimization process.
WARNING:Xst:1896 - Due to other FF/Latch trimming, FF/Latch <XLXI_56/count_31> has a constant value of 0 in block <Digital_Logic_Battle_Input>. This FF/Latch will be trimmed during the optimization process.
WARNING:Xst:1896 - Due to other FF/Latch trimming, FF/Latch <XLXI_57/count_22> has a constant value of 0 in block <Digital_Logic_Battle_Input>. This FF/Latch will be trimmed during the optimization process.
WARNING:Xst:1896 - Due to other FF/Latch trimming, FF/Latch <XLXI_57/count_23> has a constant value of 0 in block <Digital_Logic_Battle_Input>. This FF/Latch will be trimmed during the optimization process.
WARNING:Xst:1896 - Due to other FF/Latch trimming, FF/Latch <XLXI_57/count_24> has a constant value of 0 in block <Digital_Logic_Battle_Input>. This FF/Latch will be trimmed during the optimization process.
WARNING:Xst:1896 - Due to other FF/Latch trimming, FF/Latch <XLXI_57/count_25> has a constant value of 0 in block <Digital_Logic_Battle_Input>. This FF/Latch will be trimmed during the optimization process.
WARNING:Xst:1896 - Due to other FF/Latch trimming, FF/Latch <XLXI_57/count_26> has a constant value of 0 in block <Digital_Logic_Battle_Input>. This FF/Latch will be trimmed during the optimization process.
WARNING:Xst:1896 - Due to other FF/Latch trimming, FF/Latch <XLXI_57/count_27> has a constant value of 0 in block <Digital_Logic_Battle_Input>. This FF/Latch will be trimmed during the optimization process.
WARNING:Xst:1896 - Due to other FF/Latch trimming, FF/Latch <XLXI_57/count_28> has a constant value of 0 in block <Digital_Logic_Battle_Input>. This FF/Latch will be trimmed during the optimization process.
WARNING:Xst:1896 - Due to other FF/Latch trimming, FF/Latch <XLXI_57/count_29> has a constant value of 0 in block <Digital_Logic_Battle_Input>. This FF/Latch will be trimmed during the optimization process.
WARNING:Xst:1896 - Due to other FF/Latch trimming, FF/Latch <XLXI_57/count_30> has a constant value of 0 in block <Digital_Logic_Battle_Input>. This FF/Latch will be trimmed during the optimization process.
WARNING:Xst:1896 - Due to other FF/Latch trimming, FF/Latch <XLXI_57/count_31> has a constant value of 0 in block <Digital_Logic_Battle_Input>. This FF/Latch will be trimmed during the optimization process.
INFO:Xst:2261 - The FF/Latch <XLXI_57/buzzer_active> in Unit <Digital_Logic_Battle_Input> is equivalent to the following FF/Latch, which will be removed : <XLXI_57/buzzer> 
INFO:Xst:2261 - The FF/Latch <XLXI_56/buzzer_active> in Unit <Digital_Logic_Battle_Input> is equivalent to the following FF/Latch, which will be removed : <XLXI_56/buzzer> 

Mapping all equations...
Building and optimizing final netlist ...
Found area constraint ratio of 100 (+ 5) on block Digital_Logic_Battle_Input, actual ratio is 2.

Final Macro Processing ...

=========================================================================
Final Register Report

Macro Statistics
# Registers                                            : 81
 Flip-Flops                                            : 81

=========================================================================

=========================================================================
*                           Partition Report                            *
=========================================================================

Partition Implementation Status
-------------------------------

  No Partitions were found in this design.

-------------------------------

=========================================================================
*                            Design Summary                             *
=========================================================================

Top Level Output File Name         : Digital_Logic_Battle_Input.ngc

Primitive and Black Box Usage:
------------------------------
# BELS                             : 342
#      AND2B1                      : 2
#      GND                         : 1
#      INV                         : 9
#      LUT1                        : 69
#      LUT3                        : 10
#      LUT4                        : 70
#      LUT5                        : 14
#      LUT6                        : 6
#      MUXCY                       : 81
#      OR2                         : 7
#      OR3                         : 2
#      VCC                         : 1
#      XORCY                       : 70
# FlipFlops/Latches                : 81
#      FD                          : 71
#      FDC                         : 6
#      FDR                         : 2
#      FDRE                        : 2
# Clock Buffers                    : 1
#      BUFGP                       : 1
# IO Buffers                       : 11
#      IBUF                        : 6
#      OBUF                        : 5

Device utilization summary:
---------------------------

Selected Device : 6slx9tqg144-3 


Slice Logic Utilization: 
 Number of Slice Registers:              81  out of  11440     0%  
 Number of Slice LUTs:                  178  out of   5720     3%  
    Number used as Logic:               178  out of   5720     3%  

Slice Logic Distribution: 
 Number of LUT Flip Flop pairs used:    182
   Number with an unused Flip Flop:     101  out of    182    55%  
   Number with an unused LUT:             4  out of    182     2%  
   Number of fully used LUT-FF pairs:    77  out of    182    42%  
   Number of unique control sets:         7

IO Utilization: 
 Number of IOs:                          12
 Number of bonded IOBs:                  12  out of    102    11%  

Specific Feature Utilization:
 Number of BUFG/BUFGCTRLs:                1  out of     16     6%  

---------------------------
Partition Resource Summary:
---------------------------

  No Partitions were found in this design.

---------------------------


=========================================================================
Timing Report

NOTE: THESE TIMING NUMBERS ARE ONLY A SYNTHESIS ESTIMATE.
      FOR ACCURATE TIMING INFORMATION PLEASE REFER TO THE TRACE REPORT
      GENERATED AFTER PLACE-and-ROUTE.

Clock Information:
------------------
-----------------------------------+------------------------+-------+
Clock Signal                       | Clock buffer(FF name)  | Load  |
-----------------------------------+------------------------+-------+
clk                                | BUFGP                  | 75    |
XLXI_2/XLXN_9(XLXI_2/XLXI_17:O)    | NONE(*)(XLXI_2/XLXI_5) | 3     |
XLXI_1/XLXN_9(XLXI_1/XLXI_17:O)    | NONE(*)(XLXI_1/XLXI_5) | 3     |
-----------------------------------+------------------------+-------+
(*) These 2 clock signal(s) are generated by combinatorial logic,
and XST is not able to identify which are the primary clock signals.
Please use the CLOCK_SIGNAL constraint to specify the clock signal(s) generated by combinatorial logic.
INFO:Xst:2169 - HDL ADVISOR - Some clock signals were not automatically buffered by XST with BUFG/BUFR resources. Please use the buffer_type constraint in order to insert these buffers to the clock signals to help prevent skew problems.

Asynchronous Control Signals Information:
----------------------------------------
No asynchronous control signals found in this design

Timing Summary:
---------------
Speed Grade: -3

   Minimum period: 4.665ns (Maximum Frequency: 214.342MHz)
   Minimum input arrival time before clock: 3.087ns
   Maximum output required time after clock: 5.385ns
   Maximum combinational path delay: No path found

Timing Details:
---------------
All values displayed in nanoseconds (ns)

=========================================================================
Timing constraint: Default period analysis for Clock 'clk'
  Clock period: 4.665ns (frequency: 214.342MHz)
  Total number of paths / destination ports: 2657 / 81
-------------------------------------------------------------------------
Delay:               4.665ns (Levels of Logic = 4)
  Source:            XLXI_10/counter_10 (FF)
  Destination:       XLXI_10/counter_11 (FF)
  Source Clock:      clk rising
  Destination Clock: clk rising

  Data Path: XLXI_10/counter_10 to XLXI_10/counter_11
                                Gate     Net
    Cell:in->out      fanout   Delay   Delay  Logical Name (Net Name)
    ----------------------------------------  ------------
     FD:C->Q               3   0.447   0.879  XLXI_10/counter_10 (XLXI_10/counter_10)
     LUT3:I0->O            1   0.205   0.808  XLXI_10/counter[25]_INV_5_o23 (XLXI_10/counter[25]_INV_5_o22)
     LUT6:I3->O            3   0.205   0.651  XLXI_10/counter[25]_INV_5_o24 (XLXI_10/counter[25]_INV_5_o23)
     LUT6:I5->O           14   0.205   0.958  XLXI_10/_n00241 (XLXI_10/_n0024)
     LUT4:I3->O            1   0.205   0.000  XLXI_10/counter_11_rstpot (XLXI_10/counter_11_rstpot)
     FD:D                      0.102          XLXI_10/counter_11
    ----------------------------------------
    Total                      4.665ns (1.369ns logic, 3.296ns route)
                                       (29.3% logic, 70.7% route)

=========================================================================
Timing constraint: Default OFFSET IN BEFORE for Clock 'XLXI_2/XLXN_9'
  Total number of paths / destination ports: 3 / 3
-------------------------------------------------------------------------
Offset:              3.087ns (Levels of Logic = 2)
  Source:            p2_btn<2> (PAD)
  Destination:       XLXI_2/XLXI_5 (FF)
  Destination Clock: XLXI_2/XLXN_9 rising

  Data Path: p2_btn<2> to XLXI_2/XLXI_5
                                Gate     Net
    Cell:in->out      fanout   Delay   Delay  Logical Name (Net Name)
    ----------------------------------------  ------------
     IBUF:I->O             1   1.222   0.579  p2_btn_2_IBUF (p2_btn_2_IBUF)
     INV:I->O              2   0.568   0.616  XLXI_8 (XLXN_5)
     FDC:D                     0.102          XLXI_2/XLXI_5
    ----------------------------------------
    Total                      3.087ns (1.892ns logic, 1.195ns route)
                                       (61.3% logic, 38.7% route)

=========================================================================
Timing constraint: Default OFFSET IN BEFORE for Clock 'XLXI_1/XLXN_9'
  Total number of paths / destination ports: 3 / 3
-------------------------------------------------------------------------
Offset:              3.087ns (Levels of Logic = 2)
  Source:            p1_btn<2> (PAD)
  Destination:       XLXI_1/XLXI_5 (FF)
  Destination Clock: XLXI_1/XLXN_9 rising

  Data Path: p1_btn<2> to XLXI_1/XLXI_5
                                Gate     Net
    Cell:in->out      fanout   Delay   Delay  Logical Name (Net Name)
    ----------------------------------------  ------------
     IBUF:I->O             1   1.222   0.579  p1_btn_2_IBUF (p1_btn_2_IBUF)
     INV:I->O              2   0.568   0.616  XLXI_5 (XLXN_2)
     FDC:D                     0.102          XLXI_1/XLXI_5
    ----------------------------------------
    Total                      3.087ns (1.892ns logic, 1.195ns route)
                                       (61.3% logic, 38.7% route)

=========================================================================
Timing constraint: Default OFFSET OUT AFTER for Clock 'XLXI_1/XLXN_9'
  Total number of paths / destination ports: 4 / 2
-------------------------------------------------------------------------
Offset:              5.085ns (Levels of Logic = 2)
  Source:            XLXI_1/XLXI_5 (FF)
  Destination:       p1_action<1> (PAD)
  Source Clock:      XLXI_1/XLXN_9 rising

  Data Path: XLXI_1/XLXI_5 to p1_action<1>
                                Gate     Net
    Cell:in->out      fanout   Delay   Delay  Logical Name (Net Name)
    ----------------------------------------  ------------
     FDC:C->Q              2   0.447   0.981  XLXI_1/XLXI_5 (XLXI_1/L)
     OR2:I0->O            11   0.203   0.882  XLXI_1/XLXI_14 (p1_action_0_OBUF)
     OBUF:I->O                 2.571          p1_action_0_OBUF (p1_action<0>)
    ----------------------------------------
    Total                      5.085ns (3.221ns logic, 1.864ns route)
                                       (63.3% logic, 36.7% route)

=========================================================================
Timing constraint: Default OFFSET OUT AFTER for Clock 'XLXI_2/XLXN_9'
  Total number of paths / destination ports: 4 / 2
-------------------------------------------------------------------------
Offset:              5.085ns (Levels of Logic = 2)
  Source:            XLXI_2/XLXI_5 (FF)
  Destination:       p2_action<1> (PAD)
  Source Clock:      XLXI_2/XLXN_9 rising

  Data Path: XLXI_2/XLXI_5 to p2_action<1>
                                Gate     Net
    Cell:in->out      fanout   Delay   Delay  Logical Name (Net Name)
    ----------------------------------------  ------------
     FDC:C->Q              2   0.447   0.981  XLXI_2/XLXI_5 (XLXI_2/L)
     OR2:I0->O            11   0.203   0.882  XLXI_2/XLXI_14 (p2_action_0_OBUF)
     OBUF:I->O                 2.571          p2_action_0_OBUF (p2_action<0>)
    ----------------------------------------
    Total                      5.085ns (3.221ns logic, 1.864ns route)
                                       (63.3% logic, 36.7% route)

=========================================================================
Timing constraint: Default OFFSET OUT AFTER for Clock 'clk'
  Total number of paths / destination ports: 2 / 1
-------------------------------------------------------------------------
Offset:              5.385ns (Levels of Logic = 2)
  Source:            XLXI_57/buzzer_active (FF)
  Destination:       buzzer (PAD)
  Source Clock:      clk rising

  Data Path: XLXI_57/buzzer_active to buzzer
                                Gate     Net
    Cell:in->out      fanout   Delay   Delay  Logical Name (Net Name)
    ----------------------------------------  ------------
     FD:C->Q              27   0.447   1.585  XLXI_57/buzzer_active (XLXI_57/buzzer_active)
     OR2:I0->O             1   0.203   0.579  XLXI_58 (buzzer_OBUF)
     OBUF:I->O                 2.571          buzzer_OBUF (buzzer)
    ----------------------------------------
    Total                      5.385ns (3.221ns logic, 2.164ns route)
                                       (59.8% logic, 40.2% route)

=========================================================================

Cross Clock Domains Report:
--------------------------

Clock to Setup on destination clock XLXI_1/XLXN_9
---------------+---------+---------+---------+---------+
               | Src:Rise| Src:Fall| Src:Rise| Src:Fall|
Source Clock   |Dest:Rise|Dest:Rise|Dest:Fall|Dest:Fall|
---------------+---------+---------+---------+---------+
clk            |    1.621|         |         |         |
---------------+---------+---------+---------+---------+

Clock to Setup on destination clock XLXI_2/XLXN_9
---------------+---------+---------+---------+---------+
               | Src:Rise| Src:Fall| Src:Rise| Src:Fall|
Source Clock   |Dest:Rise|Dest:Rise|Dest:Fall|Dest:Fall|
---------------+---------+---------+---------+---------+
clk            |    1.621|         |         |         |
---------------+---------+---------+---------+---------+

Clock to Setup on destination clock clk
---------------+---------+---------+---------+---------+
               | Src:Rise| Src:Fall| Src:Rise| Src:Fall|
Source Clock   |Dest:Rise|Dest:Rise|Dest:Fall|Dest:Fall|
---------------+---------+---------+---------+---------+
XLXI_1/XLXN_9  |    5.251|         |         |         |
XLXI_2/XLXN_9  |    5.137|         |         |         |
clk            |    4.665|         |         |         |
---------------+---------+---------+---------+---------+

=========================================================================


Total REAL time to Xst completion: 7.00 secs
Total CPU time to Xst completion: 1.15 secs
 
--> 


Total memory usage is 484688 kilobytes

Number of errors   :    0 (   0 filtered)
Number of warnings :   21 (   0 filtered)
Number of infos    :    3 (   0 filtered)

